Microchip MPLAB XC8 Compiler V1.41 ()

Linker command line:

--edf=D:\MPLAB\dat\en_msgs.txt -cs \
  -h+dist/XC8_PIC16F54/production\codes_for_IDC_project.X.production.sym \
  --cmf=dist/XC8_PIC16F54/production\codes_for_IDC_project.X.production.cmf \
  -z -Q16F88 -oC:\Users\Wells\AppData\Local\Temp\sn70.2 \
  -Mdist/XC8_PIC16F54/production/codes_for_IDC_project.X.production.map -E1 \
  -ver=XC8 -ASTACK=0110h-016fh -pstack=STACK -ACODE=00h-07FFhx2 \
  -ASTRCODE=00h-0FFFh -ASTRING=00h-0FFhx16 -ACONST=00h-0FFhx16 \
  -AENTRY=00h-0FFhx16 -ACOMMON=070h-07Fh -ABANK0=020h-06Fh \
  -ABANK1=0A0h-0EFh -ABANK2=0110h-016Fh -ABANK3=0190h-01EFh \
  -ARAM=020h-06Fh,0A0h-0EFh,0110h-016Fh,0190h-01EFh \
  -AABS1=020h-07Fh,0A0h-0EFh,0110h-016Fh,0190h-01EFh -ASFR0=00h-01Fh \
  -ASFR1=080h-09Fh -ASFR2=0100h-010Fh -ASFR3=0180h-018Fh \
  -preset_vec=00h,intentry,init,end_init -ppowerup=CODE -pcinit=CODE \
  -pfunctab=CODE -ACONFIG=02007h-02008h -pconfig=CONFIG -DCONFIG=2 \
  -AIDLOC=02000h-02003h -pidloc=IDLOC -DIDLOC=2 -AEEDATA=00h-0FFh/02100h \
  -peeprom_data=EEDATA -DEEDATA=2 -DCODE=2 -DSTRCODE=2 -DSTRING=2 -DCONST=2 \
  -DENTRY=2 -k C:\Users\Wells\AppData\Local\Temp\sn70.obj \
  dist/XC8_PIC16F54/production\codes_for_IDC_project.X.production.obj 

Object code version is 3.11

Machine type is 16F88



                Name                               Link     Load   Length Selector   Space Scale
C:\Users\Wells\AppData\Local\Temp\sn70.obj
                end_init                              0        0        2        0       0
                config                             2007     2007        1     400E       0
dist/XC8_PIC16F54/production\codes_for_IDC_project.X.production.obj
                cinit                               7EF      7EF       11      FDE       0
                text38                              966      966        B     12CC       0
                text37                              9B5      9B5       1A     136A       0
                text36                              99D      99D       18     133A       0
                text35                              C2B      C2B       46     1856       0
                text34                              A2D      A2D       24     145A       0
                text33                              BA4      BA4       43     1748       0
                text32                              2F0      2F0       E2      5E0       0
                text31                              986      986       17     130C       0
                text30                              94E      94E        8     129C       0
                text29                              BE7      BE7       44     17CE       0
                text28                              AFE      AFE       33     15FC       0
                text27                              B31      B31       37     1662       0
                text26                              B68      B68       3C     16D0       0
                text25                              ACC      ACC       32     1598       0
                text24                              EC3      EC3       66     1D86       0
                text23                              A51      A51       25     14A2       0
                text22                              4D8      4D8      111      9B0       0
                text21                              AA0      AA0       2C     1540       0
                text20                              D5D      D5D       55     1ABA       0
                text19                              C71      C71       4E     18E2       0
                text18                              F94      F94       6C     1F28       0
                text17                              971      971       15     12E2       0
                text16                              E08      E08       5D     1C10       0
                text15                              21E      21E       D2      43C       0
                text14                              956      956        8     12AC       0
                text13                              3D2      3D2      106      7A4       0
                text12                              9EC      9EC       20     13D8       0
                text11                               E5       E5       8E      1CA       0
                text10                              A76      A76       2A     14EC       0
                text9                               E65      E65       5E     1CCA       0
                text8                               CBF      CBF       4E     197E       0
                text7                               A0C      A0C       21     1418       0
                text6                                D7       D7        E      1AE       0
                text5                               5E9      5E9      206      BD2       0
                text4                               173      173       AB      2E6       0
                text3                               D0D      D0D       50     1A1A       0
                text2                               DB2      DB2       56     1B64       0
                text1                               9CF      9CF       1D     139E       0
                maintext                            F29      F29       6B     1E52       0
                cstackBANK0                          20       20       40       20       1
                cstackCOMMON                         70       70        E       70       1
                clrtext                             95E      95E        8     12BC       0
                bssBANK1                             A0       A0       11       A0       1
                dataBANK0                            60       60        2       20       1
                strings                               2        2       D5        4       0
                idataBANK0                          94C      94C        2     1298       0

TOTAL           Name                               Link     Load   Length     Space
        CLASS   STACK          

        CLASS   CODE           
                end_init                              0        0        2         0
                cinit                               7EF      7EF       11         0
                text38                              966      966        B         0
                text37                              9B5      9B5       1A         0
                text36                              99D      99D       18         0
                text35                              C2B      C2B       46         0
                text34                              A2D      A2D       24         0
                text33                              BA4      BA4       43         0
                text32                              2F0      2F0       E2         0
                text31                              986      986       17         0
                text30                              94E      94E        8         0
                text29                              BE7      BE7       44         0
                text28                              AFE      AFE       33         0
                text27                              B31      B31       37         0
                text26                              B68      B68       3C         0
                text25                              ACC      ACC       32         0
                text24                              EC3      EC3       66         0
                text23                              A51      A51       25         0
                text22                              4D8      4D8      111         0
                text21                              AA0      AA0       2C         0
                text20                              D5D      D5D       55         0
                text19                              C71      C71       4E         0
                text18                              F94      F94       6C         0
                text17                              971      971       15         0
                text16                              E08      E08       5D         0
                text15                              21E      21E       D2         0
                text14                              956      956        8         0
                text13                              3D2      3D2      106         0
                text12                              9EC      9EC       20         0
                text11                               E5       E5       8E         0
                text10                              A76      A76       2A         0
                text9                               E65      E65       5E         0
                text8                               CBF      CBF       4E         0
                text7                               A0C      A0C       21         0
                text6                                D7       D7        E         0
                text5                               5E9      5E9      206         0
                text4                               173      173       AB         0
                text3                               D0D      D0D       50         0
                text2                               DB2      DB2       56         0
                text1                               9CF      9CF       1D         0
                maintext                            F29      F29       6B         0
                clrtext                             95E      95E        8         0
                idataBANK0                          94C      94C        2         0

        CLASS   STRCODE        

        CLASS   STRING         
                strings                               2        2       D5         0

        CLASS   CONST          

        CLASS   ENTRY          

        CLASS   COMMON         
                cstackCOMMON                         70       70        E         1

        CLASS   BANK0          
                cstackBANK0                          20       20       40         1
                dataBANK0                            60       60        2         1

        CLASS   BANK1          
                bssBANK1                             A0       A0       11         1

        CLASS   BANK2          

        CLASS   BANK3          

        CLASS   RAM            

        CLASS   ABS1           
                abs_s1                               7E       7E        2         1

        CLASS   SFR0           

        CLASS   SFR1           

        CLASS   SFR2           

        CLASS   SFR3           

        CLASS   CONFIG         
                config                             2007     2007        1         0

        CLASS   IDLOC          

        CLASS   EEDATA         



SEGMENTS        Name                           Load    Length   Top    Selector   Space  Class     Delta

                reset_vec                      000000  000002  000002         0       0  CODE        2
                strings                        000002  0000D5  0000D7         4       0  STRING      2
                cstackBANK0                    000020  000042  000062        20       1  BANK0       1
                cstackCOMMON                   000070  00000E  00007E        70       1  COMMON      1
                bssBANK1                       0000A0  000011  0000B1        A0       1  BANK1       1
                text6                          0000D7  00000E  0000E5       1AE       0  CODE        2
                text11                         0000E5  00008E  000173       1CA       0  CODE        2
                text4                          000173  0000AB  00021E       2E6       0  CODE        2
                text15                         00021E  0000D2  0002F0       43C       0  CODE        2
                text32                         0002F0  0000E2  0003D2       5E0       0  CODE        2
                text13                         0003D2  000106  0004D8       7A4       0  CODE        2
                text22                         0004D8  000111  0005E9       9B0       0  CODE        2
                text5                          0005E9  000206  0007EF       BD2       0  CODE        2
                cinit                          0007EF  000011  000800       FDE       0  CODE        2
                idataBANK0                     00094C  000002  00094E      1298       0  CODE        2
                text30                         00094E  000008  000956      129C       0  CODE        2
                text14                         000956  000008  00095E      12AC       0  CODE        2
                clrtext                        00095E  000008  000966      12BC       0  CODE        2
                text38                         000966  00000B  000971      12CC       0  CODE        2
                text17                         000971  000015  000986      12E2       0  CODE        2
                text31                         000986  000017  00099D      130C       0  CODE        2
                text36                         00099D  000018  0009B5      133A       0  CODE        2
                text37                         0009B5  00001A  0009CF      136A       0  CODE        2
                text1                          0009CF  00001D  0009EC      139E       0  CODE        2
                text12                         0009EC  000020  000A0C      13D8       0  CODE        2
                text7                          000A0C  000021  000A2D      1418       0  CODE        2
                text34                         000A2D  000024  000A51      145A       0  CODE        2
                text23                         000A51  000025  000A76      14A2       0  CODE        2
                text10                         000A76  00002A  000AA0      14EC       0  CODE        2
                text21                         000AA0  00002C  000ACC      1540       0  CODE        2
                text25                         000ACC  000032  000AFE      1598       0  CODE        2
                text28                         000AFE  000033  000B31      15FC       0  CODE        2
                text27                         000B31  000037  000B68      1662       0  CODE        2
                text26                         000B68  00003C  000BA4      16D0       0  CODE        2
                text33                         000BA4  000043  000BE7      1748       0  CODE        2
                text29                         000BE7  000044  000C2B      17CE       0  CODE        2
                text35                         000C2B  000046  000C71      1856       0  CODE        2
                text19                         000C71  00004E  000CBF      18E2       0  CODE        2
                text8                          000CBF  00004E  000D0D      197E       0  CODE        2
                text3                          000D0D  000050  000D5D      1A1A       0  CODE        2
                text20                         000D5D  000055  000DB2      1ABA       0  CODE        2
                text2                          000DB2  000056  000E08      1B64       0  CODE        2
                text16                         000E08  00005D  000E65      1C10       0  CODE        2
                text9                          000E65  00005E  000EC3      1CCA       0  CODE        2
                text24                         000EC3  000066  000F29      1D86       0  CODE        2
                maintext                       000F29  00006B  000F94      1E52       0  CODE        2
                text18                         000F94  00006C  001000      1F28       0  CODE        2
                config                         002007  000001  002008      400E       0  CONFIG      2


UNUSED ADDRESS RANGES

        Name                Unused          Largest block    Delta
        BANK0            0062-006F              E           1
        BANK1            00B1-00EF             3F           1
        BANK2            0110-016F             60           1
        BANK3            0190-01EF             60           1
        CODE             0800-094B            14C           2
        CONFIG           2008-2008              1           2
        CONST            0800-094B            100           2
        EEDATA           2100-21FF            100           2
        ENTRY            0800-094B            100           2
        IDLOC            2000-2003              4           2
        RAM              0062-006F              E           1
                         00B1-00EF             3F
                         0110-016F             60
                         0190-01EF             60
        SFR0             0000-001F             20           1
        SFR1             0080-009F             20           1
        SFR2             0100-010F             10           1
        SFR3             0180-018F             10           1
        STACK            0110-016F             60           1
        STRCODE          0800-094B            14C           2
        STRING           0800-094B            100           2

                                  Symbol Table

?_DHT11_CheckResponse                   cstackCOMMON 0070
?_DHT11_ReadData                        cstackCOMMON 0070
?___ftadd                               cstackCOMMON 0078
?___ftmul                               cstackBANK0  0027
?___ftneg                               cstackCOMMON 0070
?___ftpack                              cstackCOMMON 0070
?___ftsub                               cstackBANK0  0027
?___fttol                               cstackBANK0  0037
?___lldiv                               cstackCOMMON 0070
?___llmod                               cstackBANK0  0020
?___lltoft                              cstackCOMMON 0078
?___lwdiv                               cstackCOMMON 0070
?___lwmod                               cstackCOMMON 0070
?___lwtoft                              cstackCOMMON 007B
?___wmul                                cstackCOMMON 0070
?_analog_read                           cstackCOMMON 0070
?_button_scan                           cstackCOMMON 0070
?_light_level_check                     cstackCOMMON 0078
?_sprintf                               cstackBANK0  002A
?_voltage_read                          cstackCOMMON 0078
DHT11_CheckResponse@cont                cstackCOMMON 0072
DHT11_ReadData@bits                     cstackBANK0  0020
DHT11_ReadData@cont_read                cstackBANK0  002D
DHT11_ReadData@data                     cstackBANK0  0031
DHT11_ReadData@dhum                     cstackCOMMON 0070
DHT11_ReadData@dtemp                    cstackCOMMON 0072
DHT11_ReadData@hum                      cstackBANK0  002A
DHT11_ReadData@i                        cstackBANK0  002F
DHT11_ReadData@j                        cstackBANK0  002B
DHT11_ReadData@temp                     cstackCOMMON 0071
Lcd_Cmd@a                               cstackCOMMON 0073
Lcd_Port@a                              cstackCOMMON 0070
Lcd_Set_Cursor@a                        cstackCOMMON 0077
Lcd_Set_Cursor@b                        cstackCOMMON 0074
Lcd_Set_Cursor@temp                     cstackCOMMON 007A
Lcd_Set_Cursor@y                        cstackCOMMON 0079
Lcd_Set_Cursor@z                        cstackCOMMON 0078
Lcd_Write_Char@a                        cstackCOMMON 0074
Lcd_Write_Char@temp                     cstackCOMMON 0072
Lcd_Write_Char@y                        cstackCOMMON 0073
Lcd_Write_String@a                      cstackCOMMON 0075
Lcd_Write_String@i                      cstackCOMMON 007A
_ADCON0bits                             (abs)        001F
_ADCS0                                  (abs)        00FE
_ADCS1                                  (abs)        00FF
_ADCS2                                  (abs)        04FE
_ADFM                                   (abs)        04FF
_ADON                                   (abs)        00F8
_ADRESH                                 (abs)        001E
_ADRESL                                 (abs)        009E
_ANSEL                                  (abs)        009B
_ANSELbits                              (abs)        009B
_DHT11_CheckResponse                    text33       0BA4
_DHT11_ReadData                         text32       02F0
_DHT11_init                             text31       0986
_GO_DONE                                (abs)        00FA
_InitApp                                text38       0966
_Lcd_Clear                              text30       094E
_Lcd_Cmd                                text36       099D
_Lcd_Init                               text35       0C2B
_Lcd_Port                               text37       09B5
_Lcd_Set_Cursor                         text29       0BE7
_Lcd_Write_Char                         text28       0AFE
_Lcd_Write_String                       text27       0B31
_PORTBbits                              (abs)        0006
_RA2                                    (abs)        002A
_RB0                                    (abs)        0030
_RB1                                    (abs)        0031
_RB2                                    (abs)        0032
_RB4                                    (abs)        0034
_RB5                                    (abs)        0035
_RB6                                    (abs)        0036
_RB7                                    (abs)        0037
_TRISAbits                              (abs)        0085
_TRISB                                  (abs)        0086
_TRISBbits                              (abs)        0086
_VCFG0                                  (abs)        04FC
_VCFG1                                  (abs)        04FD
__CFG_FOSC$XT                           (abs)        0000
__CFG_LVP$OFF                           (abs)        0000
__CFG_PWRTE$OFF                         (abs)        0000
__CFG_WDTE$OFF                          (abs)        0000
__Habs1                                 abs1         0000
__Hbank0                                bank0        0000
__Hbank1                                bank1        0000
__Hbank2                                bank2        0000
__Hbank3                                bank3        0000
__HbssBANK1                             bssBANK1     0000
__Hcinit                                cinit        0800
__Hclrtext                              clrtext      0000
__Hcode                                 code         0000
__Hcommon                               common       0000
__Hconfig                               config       2008
__HcstackBANK0                          cstackBANK0  0000
__HcstackCOMMON                         cstackCOMMON 0000
__HdataBANK0                            dataBANK0    0000
__Heeprom_data                          eeprom_data  0000
__Hend_init                             end_init     0002
__Hfunctab                              functab      0000
__HidataBANK0                           idataBANK0   0000
__Hidloc                                idloc        0000
__Hinit                                 init         0000
__Hintentry                             intentry     0000
__Hmaintext                             maintext     0000
__Hpowerup                              powerup      0000
__Hram                                  ram          0000
__Hreset_vec                            reset_vec    0000
__Hsfr0                                 sfr0         0000
__Hsfr1                                 sfr1         0000
__Hsfr2                                 sfr2         0000
__Hsfr3                                 sfr3         0000
__Hspace_0                              (abs)        2008
__Hspace_1                              (abs)        00B1
__Hspace_2                              (abs)        0000
__Hspace_3                              (abs)        0000
__Hstack                                stack        0000
__Hstrings                              strings      0000
__Htext                                 text         0000
__Labs1                                 abs1         0000
__Lbank0                                bank0        0000
__Lbank1                                bank1        0000
__Lbank2                                bank2        0000
__Lbank3                                bank3        0000
__LbssBANK1                             bssBANK1     0000
__Lcinit                                cinit        07EF
__Lclrtext                              clrtext      0000
__Lcode                                 code         0000
__Lcommon                               common       0000
__Lconfig                               config       2007
__LcstackBANK0                          cstackBANK0  0000
__LcstackCOMMON                         cstackCOMMON 0000
__LdataBANK0                            dataBANK0    0000
__Leeprom_data                          eeprom_data  0000
__Lend_init                             end_init     0000
__Lfunctab                              functab      0000
__LidataBANK0                           idataBANK0   0000
__Lidloc                                idloc        0000
__Linit                                 init         0000
__Lintentry                             intentry     0000
__Lmaintext                             maintext     0000
__Lpowerup                              powerup      0000
__Lram                                  ram          0000
__Lreset_vec                            reset_vec    0000
__Lsfr0                                 sfr0         0000
__Lsfr1                                 sfr1         0000
__Lsfr2                                 sfr2         0000
__Lsfr3                                 sfr3         0000
__Lspace_0                              (abs)        0000
__Lspace_1                              (abs)        0000
__Lspace_2                              (abs)        0000
__Lspace_3                              (abs)        0000
__Lstack                                stack        0000
__Lstrings                              strings      0000
__Ltext                                 text         0000
__S0                                    (abs)        2008
__S1                                    (abs)        00B1
__S2                                    (abs)        0000
__S3                                    (abs)        0000
___ftadd                                text13       03D2
___ftadd@exp1                           cstackBANK0  0026
___ftadd@exp2                           cstackBANK0  0025
___ftadd@f1                             cstackCOMMON 0078
___ftadd@f2                             cstackCOMMON 007B
___ftadd@sign                           cstackBANK0  0024
___ftge                                 text16       0E08
___ftge@ff1                             cstackCOMMON 0070
___ftge@ff2                             cstackCOMMON 0073
___ftmul                                text15       021E
___ftmul@cntr                           cstackBANK0  0035
___ftmul@exp                            cstackBANK0  0031
___ftmul@f1                             cstackBANK0  0027
___ftmul@f2                             cstackBANK0  002A
___ftmul@f3_as_product                  cstackBANK0  0032
___ftmul@sign                           cstackBANK0  0036
___ftneg                                text14       0956
___ftneg@f1                             cstackCOMMON 0070
___ftpack                               text18       0F94
___ftpack@arg                           cstackCOMMON 0070
___ftpack@exp                           cstackCOMMON 0073
___ftpack@sign                          cstackCOMMON 0074
___ftsub                                text12       09EC
___ftsub@f1                             cstackBANK0  002A
___ftsub@f2                             cstackBANK0  0027
___fttol                                text11       00E5
___fttol@exp1                           cstackBANK0  0044
___fttol@f1                             cstackBANK0  0037
___fttol@lval                           cstackBANK0  0040
___fttol@sign1                          cstackBANK0  003F
___int_sp                               stack        0000
___latbits                              (abs)        0001
___lldiv                                text9        0E65
___lldiv@counter                        cstackCOMMON 007D
___lldiv@dividend                       cstackCOMMON 0074
___lldiv@divisor                        cstackCOMMON 0070
___lldiv@quotient                       cstackCOMMON 0079
___llmod                                text8        0CBF
___llmod@counter                        cstackBANK0  0029
___llmod@dividend                       cstackBANK0  0024
___llmod@divisor                        cstackBANK0  0020
___lltoft                               text10       0A76
___lltoft@c                             cstackCOMMON 0078
___lltoft@exp                           cstackCOMMON 007D
___lwdiv                                text26       0B68
___lwdiv@counter                        cstackCOMMON 0077
___lwdiv@dividend                       cstackCOMMON 0072
___lwdiv@divisor                        cstackCOMMON 0070
___lwdiv@quotient                       cstackCOMMON 0075
___lwmod                                text25       0ACC
___lwmod@counter                        cstackCOMMON 0075
___lwmod@dividend                       cstackCOMMON 0072
___lwmod@divisor                        cstackCOMMON 0070
___lwtoft                               text17       0971
___lwtoft@c                             cstackCOMMON 007B
___sp                                   stack        0000
___wmul                                 text7        0A0C
___wmul@multiplicand                    cstackCOMMON 0072
___wmul@multiplier                      cstackCOMMON 0070
___wmul@product                         cstackCOMMON 0074
__end_of_DHT11_CheckResponse            text33       0BE7
__end_of_DHT11_ReadData                 text32       03D2
__end_of_DHT11_init                     text31       099D
__end_of_InitApp                        text38       0971
__end_of_Lcd_Clear                      text30       0956
__end_of_Lcd_Cmd                        text36       09B5
__end_of_Lcd_Init                       text35       0C71
__end_of_Lcd_Port                       text37       09CF
__end_of_Lcd_Set_Cursor                 text29       0C2B
__end_of_Lcd_Write_Char                 text28       0B31
__end_of_Lcd_Write_String               text27       0B68
__end_of___ftadd                        text13       04D8
__end_of___ftge                         text16       0E65
__end_of___ftmul                        text15       02F0
__end_of___ftneg                        text14       095E
__end_of___ftpack                       text18       1000
__end_of___ftsub                        text12       0A0C
__end_of___fttol                        text11       0173
__end_of___lldiv                        text9        0EC3
__end_of___llmod                        text8        0D0D
__end_of___lltoft                       text10       0AA0
__end_of___lwdiv                        text26       0BA4
__end_of___lwmod                        text25       0AFE
__end_of___lwtoft                       text17       0986
__end_of___wmul                         text7        0A2D
__end_of__initialization                cinit        07FD
__end_of__stringtab                     strings      0012
__end_of_analog_read                    text21       0ACC
__end_of_button_scan                    text34       0A51
__end_of_dpowers                        strings      003A
__end_of_ftoa                           text4        021E
__end_of_isdigit                        text6        00E5
__end_of_itoa                           text23       0A76
__end_of_light_level_check              text20       0DB2
__end_of_main                           maintext     0F94
__end_of_mode_dht11_read                text22       05E9
__end_of_mode_light_level_check         text19       0CBF
__end_of_mode_voltage_read              text2        0E08
__end_of_mode_welcome                   text1        09EC
__end_of_sprintf                        text5        07EF
__end_of_utoa                           text24       0F29
__end_of_voltage_read                   text3        0D5D
__initialization                        cinit        07EF
__pbssBANK1                             bssBANK1     00A0
__pcstackBANK0                          cstackBANK0  0020
__pcstackCOMMON                         cstackCOMMON 0070
__pdataBANK0                            dataBANK0    0060
__pidataBANK0                           idataBANK0   094C
__pmaintext                             maintext     0F29
__pstrings                              strings      0002
__ptext1                                text1        09CF
__ptext10                               text10       0A76
__ptext11                               text11       00E5
__ptext12                               text12       09EC
__ptext13                               text13       03D2
__ptext14                               text14       0956
__ptext15                               text15       021E
__ptext16                               text16       0E08
__ptext17                               text17       0971
__ptext18                               text18       0F94
__ptext19                               text19       0C71
__ptext2                                text2        0DB2
__ptext20                               text20       0D5D
__ptext21                               text21       0AA0
__ptext22                               text22       04D8
__ptext23                               text23       0A51
__ptext24                               text24       0EC3
__ptext25                               text25       0ACC
__ptext26                               text26       0B68
__ptext27                               text27       0B31
__ptext28                               text28       0AFE
__ptext29                               text29       0BE7
__ptext3                                text3        0D0D
__ptext30                               text30       094E
__ptext31                               text31       0986
__ptext32                               text32       02F0
__ptext33                               text33       0BA4
__ptext34                               text34       0A2D
__ptext35                               text35       0C2B
__ptext36                               text36       099D
__ptext37                               text37       09B5
__ptext38                               text38       0966
__ptext4                                text4        0173
__ptext5                                text5        05E9
__ptext6                                text6        00D7
__ptext7                                text7        0A0C
__ptext8                                text8        0CBF
__ptext9                                text9        0E65
__size_of_DHT11_CheckResponse           (abs)        0000
__size_of_DHT11_ReadData                (abs)        0000
__size_of_DHT11_init                    (abs)        0000
__size_of_InitApp                       (abs)        0000
__size_of_Lcd_Clear                     (abs)        0000
__size_of_Lcd_Cmd                       (abs)        0000
__size_of_Lcd_Init                      (abs)        0000
__size_of_Lcd_Port                      (abs)        0000
__size_of_Lcd_Set_Cursor                (abs)        0000
__size_of_Lcd_Write_Char                (abs)        0000
__size_of_Lcd_Write_String              (abs)        0000
__size_of___ftadd                       (abs)        0000
__size_of___ftge                        (abs)        0000
__size_of___ftmul                       (abs)        0000
__size_of___ftneg                       (abs)        0000
__size_of___ftpack                      (abs)        0000
__size_of___ftsub                       (abs)        0000
__size_of___fttol                       (abs)        0000
__size_of___lldiv                       (abs)        0000
__size_of___llmod                       (abs)        0000
__size_of___lltoft                      (abs)        0000
__size_of___lwdiv                       (abs)        0000
__size_of___lwmod                       (abs)        0000
__size_of___lwtoft                      (abs)        0000
__size_of___wmul                        (abs)        0000
__size_of_analog_read                   (abs)        0000
__size_of_button_scan                   (abs)        0000
__size_of_ftoa                          (abs)        0000
__size_of_isdigit                       (abs)        0000
__size_of_itoa                          (abs)        0000
__size_of_light_level_check             (abs)        0000
__size_of_main                          (abs)        0000
__size_of_mode_dht11_read               (abs)        0000
__size_of_mode_light_level_check        (abs)        0000
__size_of_mode_voltage_read             (abs)        0000
__size_of_mode_welcome                  (abs)        0000
__size_of_sprintf                       (abs)        0000
__size_of_utoa                          (abs)        0000
__size_of_voltage_read                  (abs)        0000
__stringbase                            strings      0011
__stringtab                             strings      0002
_analog_read                            text21       0AA0
_button_scan                            text34       0A2D
_dpowers                                strings      0012
_ftoa                                   text4        0173
_isdigit                                text6        00D7
_isdigit$600                            cstackCOMMON 0070
_itoa                                   text23       0A51
_light_level_check                      text20       0D5D
_main                                   maintext     0F29
_mode_dht11_read                        text22       04D8
_mode_light_level_check                 text19       0C71
_mode_voltage_read                      text2        0DB2
_mode_welcome                           text1        09CF
_sprintf                                text5        05E9
_utoa                                   text24       0EC3
_voltage_read                           text3        0D0D
analog_read@ad_value                    cstackCOMMON 0073
analog_read@channel                     cstackCOMMON 0070
btemp                                   (abs)        007E
button_scan@key_up                      dataBANK0    0060
clear_ram0                              clrtext      095E
end_of_initialization                   cinit        07FD
ftoa@buf                                bssBANK1     00A0
ftoa@cp                                 cstackBANK0  0052
ftoa@f                                  cstackBANK0  0045
ftoa@l                                  cstackBANK0  004E
ftoa@rem                                cstackBANK0  004A
ftoa@status                             cstackBANK0  0048
intlevel0                               functab      0000
intlevel1                               functab      0000
intlevel2                               functab      0000
intlevel3                               functab      0000
intlevel4                               functab      0000
intlevel5                               functab      0000
isdigit@c                               cstackCOMMON 0071
itoa@base                               cstackBANK0  0026
itoa@buf                                cstackBANK0  0029
itoa@cp                                 cstackBANK0  0028
itoa@val                                cstackBANK0  0024
light_level_check@i                     cstackBANK0  0026
light_level_check@ldr_value             cstackBANK0  0020
light_level_check@ldr_value_178         cstackBANK0  0022
light_level_check@sum_light_level_value cstackBANK0  0024
main@mode_choose_flag                   cstackBANK0  005E
mode_dht11_read@dhumi                   cstackBANK0  003E
mode_dht11_read@dtemp                   cstackBANK0  0040
mode_dht11_read@humi                    cstackBANK0  0044
mode_dht11_read@temp                    cstackBANK0  0042
mode_dht11_read@v_humi                  cstackBANK0  003A
mode_dht11_read@v_temp                  cstackBANK0  0036
mode_light_level_check@t1               cstackCOMMON 007C
mode_voltage_read@status                cstackBANK0  0055
mode_voltage_read@t1                    cstackBANK0  0057
mode_voltage_read@value                 cstackBANK0  005A
reset_vec                               reset_vec    0000
sprintf@ap                              cstackBANK0  0039
sprintf@c                               cstackBANK0  0043
sprintf@f                               cstackBANK0  002A
sprintf@flag                            cstackBANK0  0038
sprintf@prec                            cstackBANK0  0041
sprintf@sp                              cstackBANK0  003E
sprintf@val                             cstackBANK0  003A
sprintf@width                           cstackBANK0  003F
stackhi                                 (abs)        0000
stacklo                                 (abs)        0000
start                                   init         0000
start_initialization                    cinit        07EF
utoa@base                               cstackCOMMON 007A
utoa@buf                                cstackBANK0  0023
utoa@c                                  cstackBANK0  0022
utoa@v                                  cstackBANK0  0020
utoa@val                                cstackCOMMON 0078
voltage_read@i                          cstackBANK0  0024
voltage_read@sum_voltage                cstackBANK0  0022
voltage_read@voltage                    cstackBANK0  0020
wtemp0                                  (abs)        007E


FUNCTION INFORMATION:

 *************** function _main *****************
 Defined at:
		line 37 in file "main.c"
 Parameters:    Size  Location     Type
		None
 Auto vars:     Size  Location     Type
  mode_choose_    2   62[BANK0 ] unsigned int 
 Return value:  Size  Location     Type
                  1    wreg      void 
 Registers used:
		wreg, fsr0l, fsr0h, status,2, status,0, btemp+1, pclath, cstack
 Tracked objects:
		On entry : 
		On exit  : 
		Unchanged: 
 Data sizes:     COMMON   BANK0   BANK1   BANK3   BANK2
      Params:         0       0       0       0       0
      Locals:         0       2       0       0       0
      Temps:          0       3       0       0       0
      Totals:         0       5       0       0       0
Total ram usage:        5 bytes
 Hardware stack levels required when called:    5
 This function calls:
		_InitApp
		_Lcd_Init
		_button_scan
		_mode_dht11_read
		_mode_light_level_check
		_mode_voltage_read
		_mode_welcome
 This function is called by:
		Startup code after reset
 This function uses a non-reentrant model


 *************** function _mode_welcome *****************
 Defined at:
		line 127 in file "main.c"
 Parameters:    Size  Location     Type
		None
 Auto vars:     Size  Location     Type
		None
 Return value:  Size  Location     Type
                  1    wreg      void 
 Registers used:
		wreg, fsr0l, fsr0h, status,2, status,0, btemp+1, pclath, cstack
 Tracked objects:
		On entry : 
		On exit  : 
		Unchanged: 
 Data sizes:     COMMON   BANK0   BANK1   BANK3   BANK2
      Params:         0       0       0       0       0
      Locals:         0       0       0       0       0
      Temps:          0       0       0       0       0
      Totals:         0       0       0       0       0
Total ram usage:        0 bytes
 Hardware stack levels used:    1
 Hardware stack levels required when called:    3
 This function calls:
		_Lcd_Clear
		_Lcd_Set_Cursor
		_Lcd_Write_String
 This function is called by:
		_main
 This function uses a non-reentrant model


 *************** function _mode_voltage_read *****************
 Defined at:
		line 134 in file "main.c"
 Parameters:    Size  Location     Type
		None
 Auto vars:     Size  Location     Type
  t1              3   55[BANK0 ] float 
  status          2   53[BANK0 ] int 
  value           1   58[BANK0 ] PTR unsigned char 
		 -> ftoa@buf(17), 
 Return value:  Size  Location     Type
                  1    wreg      void 
 Registers used:
		wreg, fsr0l, fsr0h, status,2, status,0, btemp+1, pclath, cstack
 Tracked objects:
		On entry : 
		On exit  : 
		Unchanged: 
 Data sizes:     COMMON   BANK0   BANK1   BANK3   BANK2
      Params:         0       0       0       0       0
      Locals:         0       6       0       0       0
      Temps:          0       2       0       0       0
      Totals:         0       8       0       0       0
Total ram usage:        8 bytes
 Hardware stack levels used:    1
 Hardware stack levels required when called:    4
 This function calls:
		_Lcd_Clear
		_Lcd_Set_Cursor
		_Lcd_Write_String
		___ftmul
		___lwtoft
		_ftoa
		_voltage_read
 This function is called by:
		_main
 This function uses a non-reentrant model


 *************** function _voltage_read *****************
 Defined at:
		line 108 in file "main.c"
 Parameters:    Size  Location     Type
		None
 Auto vars:     Size  Location     Type
  i               2    4[BANK0 ] int 
  sum_voltage     2    2[BANK0 ] unsigned int 
  voltage         2    0[BANK0 ] unsigned int 
 Return value:  Size  Location     Type
                  2    8[COMMON] unsigned int 
 Registers used:
		wreg, status,2, status,0, btemp+1, pclath, cstack
 Tracked objects:
		On entry : 
		On exit  : 
		Unchanged: 
 Data sizes:     COMMON   BANK0   BANK1   BANK3   BANK2
      Params:         2       0       0       0       0
      Locals:         0       6       0       0       0
      Temps:          1       0       0       0       0
      Totals:         3       6       0       0       0
Total ram usage:        9 bytes
 Hardware stack levels used:    1
 Hardware stack levels required when called:    1
 This function calls:
		___lwdiv
		_analog_read
 This function is called by:
		_mode_voltage_read
 This function uses a non-reentrant model


 *************** function _ftoa *****************
 Defined at:
		line 6 in file "D:\MPLAB\sources\common\ftoa.c"
 Parameters:    Size  Location     Type
  f               3   37[BANK0 ] float 
  status          1   40[BANK0 ] PTR int 
		 -> mode_voltage_read@status(2), 
 Auto vars:     Size  Location     Type
  l               4   46[BANK0 ] unsigned long 
  rem             4   42[BANK0 ] unsigned long 
  cp              1   50[BANK0 ] PTR unsigned char 
		 -> ftoa@buf(17), 
 Return value:  Size  Location     Type
                  1    wreg      PTR unsigned char 
 Registers used:
		wreg, fsr0l, fsr0h, status,2, status,0, pclath, cstack
 Tracked objects:
		On entry : 
		On exit  : 
		Unchanged: 
 Data sizes:     COMMON   BANK0   BANK1   BANK3   BANK2
      Params:         0       4       0       0       0
      Locals:         0       9       0       0       0
      Temps:          0       1       0       0       0
      Totals:         0      14       0       0       0
Total ram usage:       14 bytes
 Hardware stack levels used:    1
 Hardware stack levels required when called:    3
 This function calls:
		___ftge
		___ftmul
		___ftneg
		___ftsub
		___fttol
		___lltoft
		_sprintf
 This function is called by:
		_mode_voltage_read
 This function uses a non-reentrant model


 *************** function _sprintf *****************
 Defined at:
		line 492 in file "D:\MPLAB\sources\common\doprnt.c"
 Parameters:    Size  Location     Type
  sp              1    wreg     PTR unsigned char 
		 -> ftoa@buf(17), 
  f               1   10[BANK0 ] PTR const unsigned char 
		 -> STR_14(11), 
 Auto vars:     Size  Location     Type
  sp              1   30[BANK0 ] PTR unsigned char 
		 -> ftoa@buf(17), 
  val             4   26[BANK0 ] unsigned long 
  tmpval          4    0        struct .
  prec            2   33[BANK0 ] int 
  width           2   31[BANK0 ] int 
  cp              2    0        PTR const unsigned char 
  len             2    0        unsigned int 
  c               1   35[BANK0 ] char 
  ap              1   25[BANK0 ] PTR void [1]
		 -> ?_sprintf(2), 
  flag            1   24[BANK0 ] unsigned char 
 Return value:  Size  Location     Type
                  2   10[BANK0 ] int 
 Registers used:
		wreg, fsr0l, fsr0h, status,2, status,0, pclath, cstack
 Tracked objects:
		On entry : 
		On exit  : 
		Unchanged: 
 Data sizes:     COMMON   BANK0   BANK1   BANK3   BANK2
      Params:         0       9       0       0       0
      Locals:         0      12       0       0       0
      Temps:          0       5       0       0       0
      Totals:         0      26       0       0       0
Total ram usage:       26 bytes
 Hardware stack levels used:    1
 Hardware stack levels required when called:    1
 This function calls:
		___lldiv
		___llmod
		___wmul
		_isdigit
 This function is called by:
		_ftoa
 This function uses a non-reentrant model


 *************** function _isdigit *****************
 Defined at:
		line 8 in file "D:\MPLAB\sources\common\isdigit.c"
 Parameters:    Size  Location     Type
  c               1    wreg     unsigned char 
 Auto vars:     Size  Location     Type
  c               1    1[COMMON] unsigned char 
 Return value:  Size  Location     Type
		None               void
 Registers used:
		wreg, status,2, status,0
 Tracked objects:
		On entry : 
		On exit  : 
		Unchanged: 
 Data sizes:     COMMON   BANK0   BANK1   BANK3   BANK2
      Params:         0       0       0       0       0
      Locals:         2       0       0       0       0
      Temps:          0       0       0       0       0
      Totals:         2       0       0       0       0
Total ram usage:        2 bytes
 Hardware stack levels used:    1
 This function calls:
		Nothing
 This function is called by:
		_sprintf
 This function uses a non-reentrant model


 *************** function ___wmul *****************
 Defined at:
		line 15 in file "D:\MPLAB\sources\common\Umul16.c"
 Parameters:    Size  Location     Type
  multiplier      2    0[COMMON] unsigned int 
  multiplicand    2    2[COMMON] unsigned int 
 Auto vars:     Size  Location     Type
  product         2    4[COMMON] unsigned int 
 Return value:  Size  Location     Type
                  2    0[COMMON] unsigned int 
 Registers used:
		wreg, status,2, status,0
 Tracked objects:
		On entry : 
		On exit  : 
		Unchanged: 
 Data sizes:     COMMON   BANK0   BANK1   BANK3   BANK2
      Params:         4       0       0       0       0
      Locals:         2       0       0       0       0
      Temps:          0       0       0       0       0
      Totals:         6       0       0       0       0
Total ram usage:        6 bytes
 Hardware stack levels used:    1
 This function calls:
		Nothing
 This function is called by:
		_sprintf
 This function uses a non-reentrant model


 *************** function ___llmod *****************
 Defined at:
		line 6 in file "D:\MPLAB\sources\common\llmod.c"
 Parameters:    Size  Location     Type
  divisor         4    0[BANK0 ] unsigned long 
  dividend        4    4[BANK0 ] unsigned long 
 Auto vars:     Size  Location     Type
  counter         1    9[BANK0 ] unsigned char 
 Return value:  Size  Location     Type
                  4    0[BANK0 ] unsigned long 
 Registers used:
		wreg, status,2, status,0
 Tracked objects:
		On entry : 
		On exit  : 
		Unchanged: 
 Data sizes:     COMMON   BANK0   BANK1   BANK3   BANK2
      Params:         0       8       0       0       0
      Locals:         0       1       0       0       0
      Temps:          0       1       0       0       0
      Totals:         0      10       0       0       0
Total ram usage:       10 bytes
 Hardware stack levels used:    1
 This function calls:
		Nothing
 This function is called by:
		_sprintf
 This function uses a non-reentrant model


 *************** function ___lldiv *****************
 Defined at:
		line 6 in file "D:\MPLAB\sources\common\lldiv.c"
 Parameters:    Size  Location     Type
  divisor         4    0[COMMON] unsigned long 
  dividend        4    4[COMMON] unsigned long 
 Auto vars:     Size  Location     Type
  quotient        4    9[COMMON] unsigned long 
  counter         1   13[COMMON] unsigned char 
 Return value:  Size  Location     Type
                  4    0[COMMON] unsigned long 
 Registers used:
		wreg, status,2, status,0
 Tracked objects:
		On entry : 
		On exit  : 
		Unchanged: 
 Data sizes:     COMMON   BANK0   BANK1   BANK3   BANK2
      Params:         8       0       0       0       0
      Locals:         5       0       0       0       0
      Temps:          1       0       0       0       0
      Totals:        14       0       0       0       0
Total ram usage:       14 bytes
 Hardware stack levels used:    1
 This function calls:
		Nothing
 This function is called by:
		_sprintf
 This function uses a non-reentrant model


 *************** function ___lltoft *****************
 Defined at:
		line 35 in file "D:\MPLAB\sources\common\lltoft.c"
 Parameters:    Size  Location     Type
  c               4    8[COMMON] unsigned long 
 Auto vars:     Size  Location     Type
  exp             1   13[COMMON] unsigned char 
 Return value:  Size  Location     Type
                  3    8[COMMON] float 
 Registers used:
		wreg, status,2, status,0, pclath, cstack
 Tracked objects:
		On entry : 
		On exit  : 
		Unchanged: 
 Data sizes:     COMMON   BANK0   BANK1   BANK3   BANK2
      Params:         4       0       0       0       0
      Locals:         1       0       0       0       0
      Temps:          1       0       0       0       0
      Totals:         6       0       0       0       0
Total ram usage:        6 bytes
 Hardware stack levels used:    1
 Hardware stack levels required when called:    1
 This function calls:
		___ftpack
 This function is called by:
		_ftoa
 This function uses a non-reentrant model


 *************** function ___fttol *****************
 Defined at:
		line 44 in file "D:\MPLAB\sources\common\fttol.c"
 Parameters:    Size  Location     Type
  f1              3   23[BANK0 ] float 
 Auto vars:     Size  Location     Type
  lval            4   32[BANK0 ] unsigned long 
  exp1            1   36[BANK0 ] unsigned char 
  sign1           1   31[BANK0 ] unsigned char 
 Return value:  Size  Location     Type
                  4   23[BANK0 ] long 
 Registers used:
		wreg, status,2, status,0
 Tracked objects:
		On entry : 
		On exit  : 
		Unchanged: 
 Data sizes:     COMMON   BANK0   BANK1   BANK3   BANK2
      Params:         0       4       0       0       0
      Locals:         0       6       0       0       0
      Temps:          0       4       0       0       0
      Totals:         0      14       0       0       0
Total ram usage:       14 bytes
 Hardware stack levels used:    1
 This function calls:
		Nothing
 This function is called by:
		_ftoa
 This function uses a non-reentrant model


 *************** function ___ftsub *****************
 Defined at:
		line 18 in file "D:\MPLAB\sources\common\ftsub.c"
 Parameters:    Size  Location     Type
  f2              3    7[BANK0 ] float 
  f1              3   10[BANK0 ] float 
 Auto vars:     Size  Location     Type
		None
 Return value:  Size  Location     Type
                  3    7[BANK0 ] float 
 Registers used:
		wreg, status,2, status,0, pclath, cstack
 Tracked objects:
		On entry : 
		On exit  : 
		Unchanged: 
 Data sizes:     COMMON   BANK0   BANK1   BANK3   BANK2
      Params:         0       6       0       0       0
      Locals:         0       0       0       0       0
      Temps:          0       0       0       0       0
      Totals:         0       6       0       0       0
Total ram usage:        6 bytes
 Hardware stack levels used:    1
 Hardware stack levels required when called:    2
 This function calls:
		___ftadd
 This function is called by:
		_ftoa
 This function uses a non-reentrant model


 *************** function ___ftadd *****************
 Defined at:
		line 86 in file "D:\MPLAB\sources\common\ftadd.c"
 Parameters:    Size  Location     Type
  f1              3    8[COMMON] float 
  f2              3   11[COMMON] float 
 Auto vars:     Size  Location     Type
  exp1            1    6[BANK0 ] unsigned char 
  exp2            1    5[BANK0 ] unsigned char 
  sign            1    4[BANK0 ] unsigned char 
 Return value:  Size  Location     Type
                  3    8[COMMON] float 
 Registers used:
		wreg, status,2, status,0, pclath, cstack
 Tracked objects:
		On entry : 
		On exit  : 
		Unchanged: 
 Data sizes:     COMMON   BANK0   BANK1   BANK3   BANK2
      Params:         6       0       0       0       0
      Locals:         0       3       0       0       0
      Temps:          0       4       0       0       0
      Totals:         6       7       0       0       0
Total ram usage:       13 bytes
 Hardware stack levels used:    1
 Hardware stack levels required when called:    1
 This function calls:
		___ftpack
 This function is called by:
		___ftsub
 This function uses a non-reentrant model


 *************** function ___ftneg *****************
 Defined at:
		line 15 in file "D:\MPLAB\sources\common\ftneg.c"
 Parameters:    Size  Location     Type
  f1              3    0[COMMON] float 
 Auto vars:     Size  Location     Type
		None
 Return value:  Size  Location     Type
                  3    0[COMMON] float 
 Registers used:
		wreg
 Tracked objects:
		On entry : 
		On exit  : 
		Unchanged: 
 Data sizes:     COMMON   BANK0   BANK1   BANK3   BANK2
      Params:         3       0       0       0       0
      Locals:         0       0       0       0       0
      Temps:          0       0       0       0       0
      Totals:         3       0       0       0       0
Total ram usage:        3 bytes
 Hardware stack levels used:    1
 This function calls:
		Nothing
 This function is called by:
		_ftoa
 This function uses a non-reentrant model


 *************** function ___ftmul *****************
 Defined at:
		line 62 in file "D:\MPLAB\sources\common\ftmul.c"
 Parameters:    Size  Location     Type
  f1              3    7[BANK0 ] float 
  f2              3   10[BANK0 ] float 
 Auto vars:     Size  Location     Type
  f3_as_produc    3   18[BANK0 ] unsigned um
  sign            1   22[BANK0 ] unsigned char 
  cntr            1   21[BANK0 ] unsigned char 
  exp             1   17[BANK0 ] unsigned char 
 Return value:  Size  Location     Type
                  3    7[BANK0 ] float 
 Registers used:
		wreg, status,2, status,0, pclath, cstack
 Tracked objects:
		On entry : 
		On exit  : 
		Unchanged: 
 Data sizes:     COMMON   BANK0   BANK1   BANK3   BANK2
      Params:         0       6       0       0       0
      Locals:         0       6       0       0       0
      Temps:          0       4       0       0       0
      Totals:         0      16       0       0       0
Total ram usage:       16 bytes
 Hardware stack levels used:    1
 Hardware stack levels required when called:    1
 This function calls:
		___ftpack
 This function is called by:
		_mode_voltage_read
		_ftoa
 This function uses a non-reentrant model


 *************** function ___ftge *****************
 Defined at:
		line 4 in file "D:\MPLAB\sources\common\ftge.c"
 Parameters:    Size  Location     Type
  ff1             3    0[COMMON] float 
  ff2             3    3[COMMON] float 
 Auto vars:     Size  Location     Type
		None
 Return value:  Size  Location     Type
		None               void
 Registers used:
		wreg, status,2, status,0
 Tracked objects:
		On entry : 
		On exit  : 
		Unchanged: 
 Data sizes:     COMMON   BANK0   BANK1   BANK3   BANK2
      Params:         6       0       0       0       0
      Locals:         0       0       0       0       0
      Temps:          6       0       0       0       0
      Totals:        12       0       0       0       0
Total ram usage:       12 bytes
 Hardware stack levels used:    1
 This function calls:
		Nothing
 This function is called by:
		_ftoa
 This function uses a non-reentrant model


 *************** function ___lwtoft *****************
 Defined at:
		line 28 in file "D:\MPLAB\sources\common\lwtoft.c"
 Parameters:    Size  Location     Type
  c               2   11[COMMON] unsigned int 
 Auto vars:     Size  Location     Type
		None
 Return value:  Size  Location     Type
                  3   11[COMMON] float 
 Registers used:
		wreg, status,2, status,0, pclath, cstack
 Tracked objects:
		On entry : 
		On exit  : 
		Unchanged: 
 Data sizes:     COMMON   BANK0   BANK1   BANK3   BANK2
      Params:         3       0       0       0       0
      Locals:         0       0       0       0       0
      Temps:          0       1       0       0       0
      Totals:         3       1       0       0       0
Total ram usage:        4 bytes
 Hardware stack levels used:    1
 Hardware stack levels required when called:    1
 This function calls:
		___ftpack
 This function is called by:
		_mode_voltage_read
 This function uses a non-reentrant model


 *************** function ___ftpack *****************
 Defined at:
		line 62 in file "D:\MPLAB\sources\common\float.c"
 Parameters:    Size  Location     Type
  arg             3    0[COMMON] unsigned um
  exp             1    3[COMMON] unsigned char 
  sign            1    4[COMMON] unsigned char 
 Auto vars:     Size  Location     Type
		None
 Return value:  Size  Location     Type
                  3    0[COMMON] float 
 Registers used:
		wreg, status,2, status,0
 Tracked objects:
		On entry : 
		On exit  : 
		Unchanged: 
 Data sizes:     COMMON   BANK0   BANK1   BANK3   BANK2
      Params:         5       0       0       0       0
      Locals:         0       0       0       0       0
      Temps:          3       0       0       0       0
      Totals:         8       0       0       0       0
Total ram usage:        8 bytes
 Hardware stack levels used:    1
 This function calls:
		Nothing
 This function is called by:
		___ftadd
		___ftmul
		___lltoft
		___lwtoft
 This function uses a non-reentrant model


 *************** function _mode_light_level_check *****************
 Defined at:
		line 145 in file "main.c"
 Parameters:    Size  Location     Type
		None
 Auto vars:     Size  Location     Type
  t1              2   12[COMMON] unsigned int 
 Return value:  Size  Location     Type
                  1    wreg      void 
 Registers used:
		wreg, fsr0l, fsr0h, status,2, status,0, btemp+1, pclath, cstack
 Tracked objects:
		On entry : 
		On exit  : 
		Unchanged: 
 Data sizes:     COMMON   BANK0   BANK1   BANK3   BANK2
      Params:         0       0       0       0       0
      Locals:         2       0       0       0       0
      Temps:          0       0       0       0       0
      Totals:         2       0       0       0       0
Total ram usage:        2 bytes
 Hardware stack levels used:    1
 Hardware stack levels required when called:    3
 This function calls:
		_Lcd_Clear
		_Lcd_Set_Cursor
		_Lcd_Write_String
		_light_level_check
 This function is called by:
		_main
 This function uses a non-reentrant model


 *************** function _light_level_check *****************
 Defined at:
		line 118 in file "main.c"
 Parameters:    Size  Location     Type
		None
 Auto vars:     Size  Location     Type
  ldr_value       2    2[BANK0 ] unsigned int 
  i               2    6[BANK0 ] int 
  sum_light_le    2    4[BANK0 ] unsigned int 
  ldr_value       2    0[BANK0 ] unsigned int 
 Return value:  Size  Location     Type
                  2    8[COMMON] unsigned int 
 Registers used:
		wreg, status,2, status,0, btemp+1, pclath, cstack
 Tracked objects:
		On entry : 
		On exit  : 
		Unchanged: 
 Data sizes:     COMMON   BANK0   BANK1   BANK3   BANK2
      Params:         2       0       0       0       0
      Locals:         0       8       0       0       0
      Temps:          0       0       0       0       0
      Totals:         2       8       0       0       0
Total ram usage:       10 bytes
 Hardware stack levels used:    1
 Hardware stack levels required when called:    1
 This function calls:
		___lwdiv
		_analog_read
 This function is called by:
		_mode_light_level_check
 This function uses a non-reentrant model


 *************** function _analog_read *****************
 Defined at:
		line 90 in file "main.c"
 Parameters:    Size  Location     Type
  channel         2    0[COMMON] unsigned int 
 Auto vars:     Size  Location     Type
  ad_value        2    3[COMMON] unsigned int 
 Return value:  Size  Location     Type
                  2    0[COMMON] unsigned int 
 Registers used:
		wreg, status,2, status,0
 Tracked objects:
		On entry : 
		On exit  : 
		Unchanged: 
 Data sizes:     COMMON   BANK0   BANK1   BANK3   BANK2
      Params:         2       0       0       0       0
      Locals:         2       0       0       0       0
      Temps:          1       0       0       0       0
      Totals:         5       0       0       0       0
Total ram usage:        5 bytes
 Hardware stack levels used:    1
 This function calls:
		Nothing
 This function is called by:
		_voltage_read
		_light_level_check
 This function uses a non-reentrant model


 *************** function _mode_dht11_read *****************
 Defined at:
		line 155 in file "main.c"
 Parameters:    Size  Location     Type
		None
 Auto vars:     Size  Location     Type
  v_humi          4   26[BANK0 ] unsigned char [4]
  v_temp          4   22[BANK0 ] unsigned char [4]
  humi            2   36[BANK0 ] int 
  temp            2   34[BANK0 ] int 
  dtemp           2   32[BANK0 ] int 
  dhumi           2   30[BANK0 ] int 
 Return value:  Size  Location     Type
                  1    wreg      void 
 Registers used:
		wreg, fsr0l, fsr0h, status,2, status,0, btemp+1, pclath, cstack
 Tracked objects:
		On entry : 
		On exit  : 
		Unchanged: 
 Data sizes:     COMMON   BANK0   BANK1   BANK3   BANK2
      Params:         0       0       0       0       0
      Locals:         0      16       0       0       0
      Temps:          0       3       0       0       0
      Totals:         0      19       0       0       0
Total ram usage:       19 bytes
 Hardware stack levels used:    1
 Hardware stack levels required when called:    3
 This function calls:
		_DHT11_CheckResponse
		_DHT11_ReadData
		_DHT11_init
		_Lcd_Clear
		_Lcd_Set_Cursor
		_Lcd_Write_String
		_itoa
 This function is called by:
		_main
 This function uses a non-reentrant model


 *************** function _itoa *****************
 Defined at:
		line 4 in file "D:\MPLAB\sources\common\itoa.c"
 Parameters:    Size  Location     Type
  buf             1    wreg     PTR unsigned char 
		 -> mode_dht11_read@v_humi(4), mode_dht11_read@v_temp(4), 
  val             2    4[BANK0 ] int 
  base            2    6[BANK0 ] int 
 Auto vars:     Size  Location     Type
  buf             1    9[BANK0 ] PTR unsigned char 
		 -> mode_dht11_read@v_humi(4), mode_dht11_read@v_temp(4), 
  cp              1    8[BANK0 ] PTR unsigned char 
		 -> mode_dht11_read@v_humi(4), mode_dht11_read@v_temp(4), 
 Return value:  Size  Location     Type
                  1    wreg      PTR unsigned char 
 Registers used:
		wreg, fsr0l, fsr0h, status,2, status,0, pclath, cstack
 Tracked objects:
		On entry : 
		On exit  : 
		Unchanged: 
 Data sizes:     COMMON   BANK0   BANK1   BANK3   BANK2
      Params:         0       4       0       0       0
      Locals:         0       2       0       0       0
      Temps:          1       0       0       0       0
      Totals:         1       6       0       0       0
Total ram usage:        7 bytes
 Hardware stack levels used:    1
 Hardware stack levels required when called:    2
 This function calls:
		_utoa
 This function is called by:
		_mode_dht11_read
 This function uses a non-reentrant model


 *************** function _utoa *****************
 Defined at:
		line 17 in file "D:\MPLAB\sources\common\itoa.c"
 Parameters:    Size  Location     Type
  buf             1    wreg     PTR unsigned char 
		 -> mode_dht11_read@v_humi(4), mode_dht11_read@v_temp(4), 
  val             2    8[COMMON] unsigned int 
  base            2   10[COMMON] int 
 Auto vars:     Size  Location     Type
  buf             1    3[BANK0 ] PTR unsigned char 
		 -> mode_dht11_read@v_humi(4), mode_dht11_read@v_temp(4), 
  v               2    0[BANK0 ] unsigned int 
  c               1    2[BANK0 ] unsigned char 
 Return value:  Size  Location     Type
                  1    wreg      PTR unsigned char 
 Registers used:
		wreg, fsr0l, fsr0h, status,2, status,0, pclath, cstack
 Tracked objects:
		On entry : 
		On exit  : 
		Unchanged: 
 Data sizes:     COMMON   BANK0   BANK1   BANK3   BANK2
      Params:         4       0       0       0       0
      Locals:         0       4       0       0       0
      Temps:          1       0       0       0       0
      Totals:         5       4       0       0       0
Total ram usage:        9 bytes
 Hardware stack levels used:    1
 Hardware stack levels required when called:    1
 This function calls:
		___lwdiv
		___lwmod
 This function is called by:
		_itoa
 This function uses a non-reentrant model


 *************** function ___lwmod *****************
 Defined at:
		line 6 in file "D:\MPLAB\sources\common\lwmod.c"
 Parameters:    Size  Location     Type
  divisor         2    0[COMMON] unsigned int 
  dividend        2    2[COMMON] unsigned int 
 Auto vars:     Size  Location     Type
  counter         1    5[COMMON] unsigned char 
 Return value:  Size  Location     Type
                  2    0[COMMON] unsigned int 
 Registers used:
		wreg, status,2, status,0
 Tracked objects:
		On entry : 
		On exit  : 
		Unchanged: 
 Data sizes:     COMMON   BANK0   BANK1   BANK3   BANK2
      Params:         4       0       0       0       0
      Locals:         1       0       0       0       0
      Temps:          1       0       0       0       0
      Totals:         6       0       0       0       0
Total ram usage:        6 bytes
 Hardware stack levels used:    1
 This function calls:
		Nothing
 This function is called by:
		_utoa
 This function uses a non-reentrant model


 *************** function ___lwdiv *****************
 Defined at:
		line 6 in file "D:\MPLAB\sources\common\lwdiv.c"
 Parameters:    Size  Location     Type
  divisor         2    0[COMMON] unsigned int 
  dividend        2    2[COMMON] unsigned int 
 Auto vars:     Size  Location     Type
  quotient        2    5[COMMON] unsigned int 
  counter         1    7[COMMON] unsigned char 
 Return value:  Size  Location     Type
                  2    0[COMMON] unsigned int 
 Registers used:
		wreg, status,2, status,0
 Tracked objects:
		On entry : 
		On exit  : 
		Unchanged: 
 Data sizes:     COMMON   BANK0   BANK1   BANK3   BANK2
      Params:         4       0       0       0       0
      Locals:         3       0       0       0       0
      Temps:          1       0       0       0       0
      Totals:         8       0       0       0       0
Total ram usage:        8 bytes
 Hardware stack levels used:    1
 This function calls:
		Nothing
 This function is called by:
		_voltage_read
		_light_level_check
		_utoa
 This function uses a non-reentrant model


 *************** function _Lcd_Write_String *****************
 Defined at:
		line 109 in file "lcd.c"
 Parameters:    Size  Location     Type
  a               2    5[COMMON] PTR unsigned char 
		 -> ftoa@buf(17), STR_13(14), STR_12(14), STR_11(14), 
		 -> STR_10(15), STR_9(6), STR_8(6), mode_dht11_read@v_humi(4), 
		 -> mode_dht11_read@v_temp(4), STR_7(9), STR_6(7), STR_5(5), 
		 -> STR_4(16), STR_3(15), STR_2(17), STR_1(8), 
 Auto vars:     Size  Location     Type
  i               2   10[COMMON] int 
 Return value:  Size  Location     Type
                  1    wreg      void 
 Registers used:
		wreg, fsr0l, fsr0h, status,2, status,0, btemp+1, pclath, cstack
 Tracked objects:
		On entry : 
		On exit  : 
		Unchanged: 
 Data sizes:     COMMON   BANK0   BANK1   BANK3   BANK2
      Params:         2       0       0       0       0
      Locals:         2       0       0       0       0
      Temps:          3       0       0       0       0
      Totals:         7       0       0       0       0
Total ram usage:        7 bytes
 Hardware stack levels used:    1
 Hardware stack levels required when called:    2
 This function calls:
		_Lcd_Write_Char
 This function is called by:
		_mode_welcome
		_mode_voltage_read
		_mode_light_level_check
		_mode_dht11_read
 This function uses a non-reentrant model


 *************** function _Lcd_Write_Char *****************
 Defined at:
		line 93 in file "lcd.c"
 Parameters:    Size  Location     Type
  a               1    wreg     unsigned char 
 Auto vars:     Size  Location     Type
  a               1    4[COMMON] unsigned char 
  y               1    3[COMMON] unsigned char 
  temp            1    2[COMMON] unsigned char 
 Return value:  Size  Location     Type
                  1    wreg      void 
 Registers used:
		wreg, status,2, status,0, pclath, cstack
 Tracked objects:
		On entry : 
		On exit  : 
		Unchanged: 
 Data sizes:     COMMON   BANK0   BANK1   BANK3   BANK2
      Params:         0       0       0       0       0
      Locals:         3       0       0       0       0
      Temps:          1       0       0       0       0
      Totals:         4       0       0       0       0
Total ram usage:        4 bytes
 Hardware stack levels used:    1
 Hardware stack levels required when called:    1
 This function calls:
		_Lcd_Port
 This function is called by:
		_Lcd_Write_String
 This function uses a non-reentrant model


 *************** function _Lcd_Set_Cursor *****************
 Defined at:
		line 53 in file "lcd.c"
 Parameters:    Size  Location     Type
  a               1    wreg     unsigned char 
  b               1    4[COMMON] unsigned char 
 Auto vars:     Size  Location     Type
  a               1    7[COMMON] unsigned char 
  temp            1   10[COMMON] unsigned char 
  y               1    9[COMMON] unsigned char 
  z               1    8[COMMON] unsigned char 
 Return value:  Size  Location     Type
                  1    wreg      void 
 Registers used:
		wreg, status,2, status,0, pclath, cstack
 Tracked objects:
		On entry : 
		On exit  : 
		Unchanged: 
 Data sizes:     COMMON   BANK0   BANK1   BANK3   BANK2
      Params:         1       0       0       0       0
      Locals:         4       0       0       0       0
      Temps:          2       0       0       0       0
      Totals:         7       0       0       0       0
Total ram usage:        7 bytes
 Hardware stack levels used:    1
 Hardware stack levels required when called:    2
 This function calls:
		_Lcd_Cmd
 This function is called by:
		_mode_welcome
		_mode_voltage_read
		_mode_light_level_check
		_mode_dht11_read
 This function uses a non-reentrant model


 *************** function _Lcd_Clear *****************
 Defined at:
		line 47 in file "lcd.c"
 Parameters:    Size  Location     Type
		None
 Auto vars:     Size  Location     Type
		None
 Return value:  Size  Location     Type
                  1    wreg      void 
 Registers used:
		wreg, status,2, status,0, pclath, cstack
 Tracked objects:
		On entry : 
		On exit  : 
		Unchanged: 
 Data sizes:     COMMON   BANK0   BANK1   BANK3   BANK2
      Params:         0       0       0       0       0
      Locals:         0       0       0       0       0
      Temps:          0       0       0       0       0
      Totals:         0       0       0       0       0
Total ram usage:        0 bytes
 Hardware stack levels used:    1
 Hardware stack levels required when called:    2
 This function calls:
		_Lcd_Cmd
 This function is called by:
		_mode_welcome
		_mode_voltage_read
		_mode_light_level_check
		_mode_dht11_read
 This function uses a non-reentrant model


 *************** function _DHT11_init *****************
 Defined at:
		line 11 in file "dht11.c"
 Parameters:    Size  Location     Type
		None
 Auto vars:     Size  Location     Type
		None
 Return value:  Size  Location     Type
                  1    wreg      void 
 Registers used:
		wreg
 Tracked objects:
		On entry : 
		On exit  : 
		Unchanged: 
 Data sizes:     COMMON   BANK0   BANK1   BANK3   BANK2
      Params:         0       0       0       0       0
      Locals:         0       0       0       0       0
      Temps:          2       0       0       0       0
      Totals:         2       0       0       0       0
Total ram usage:        2 bytes
 Hardware stack levels used:    1
 This function calls:
		Nothing
 This function is called by:
		_mode_dht11_read
 This function uses a non-reentrant model


 *************** function _DHT11_ReadData *****************
 Defined at:
		line 46 in file "dht11.c"
 Parameters:    Size  Location     Type
  hum             1    wreg     PTR int 
		 -> mode_dht11_read@humi(2), 
  dhum            1    0[COMMON] PTR int 
		 -> mode_dht11_read@dhumi(2), 
  temp            1    1[COMMON] PTR int 
		 -> mode_dht11_read@temp(2), 
  dtemp           1    2[COMMON] PTR int 
		 -> mode_dht11_read@dtemp(2), 
 Auto vars:     Size  Location     Type
  hum             1   10[BANK0 ] PTR int 
		 -> mode_dht11_read@humi(2), 
  j               2   11[BANK0 ] int 
  i               2   15[BANK0 ] int 
  bits           10    0[BANK0 ] int [5]
  data            2   17[BANK0 ] int 
  cont_read       2   13[BANK0 ] int 
 Return value:  Size  Location     Type
                  2    0[COMMON] int 
 Registers used:
		wreg, fsr0l, fsr0h, status,2, status,0, btemp+1
 Tracked objects:
		On entry : 
		On exit  : 
		Unchanged: 
 Data sizes:     COMMON   BANK0   BANK1   BANK3   BANK2
      Params:         3       0       0       0       0
      Locals:         0      19       0       0       0
      Temps:          6       0       0       0       0
      Totals:         9      19       0       0       0
Total ram usage:       28 bytes
 Hardware stack levels used:    1
 This function calls:
		Nothing
 This function is called by:
		_mode_dht11_read
 This function uses a non-reentrant model


 *************** function _DHT11_CheckResponse *****************
 Defined at:
		line 20 in file "dht11.c"
 Parameters:    Size  Location     Type
		None
 Auto vars:     Size  Location     Type
  cont            2    2[COMMON] unsigned int 
 Return value:  Size  Location     Type
                  2    0[COMMON] int 
 Registers used:
		wreg, status,2, status,0
 Tracked objects:
		On entry : 
		On exit  : 
		Unchanged: 
 Data sizes:     COMMON   BANK0   BANK1   BANK3   BANK2
      Params:         2       0       0       0       0
      Locals:         2       0       0       0       0
      Temps:          0       0       0       0       0
      Totals:         4       0       0       0       0
Total ram usage:        4 bytes
 Hardware stack levels used:    1
 This function calls:
		Nothing
 This function is called by:
		_mode_dht11_read
 This function uses a non-reentrant model


 *************** function _button_scan *****************
 Defined at:
		line 78 in file "main.c"
 Parameters:    Size  Location     Type
		None
 Auto vars:     Size  Location     Type
		None
 Return value:  Size  Location     Type
                  2    0[COMMON] unsigned int 
 Registers used:
		wreg, status,2, status,0
 Tracked objects:
		On entry : 
		On exit  : 
		Unchanged: 
 Data sizes:     COMMON   BANK0   BANK1   BANK3   BANK2
      Params:         2       0       0       0       0
      Locals:         0       0       0       0       0
      Temps:          2       0       0       0       0
      Totals:         4       0       0       0       0
Total ram usage:        4 bytes
 Hardware stack levels used:    1
 This function calls:
		Nothing
 This function is called by:
		_main
 This function uses a non-reentrant model


 *************** function _Lcd_Init *****************
 Defined at:
		line 74 in file "lcd.c"
 Parameters:    Size  Location     Type
		None
 Auto vars:     Size  Location     Type
		None
 Return value:  Size  Location     Type
                  1    wreg      void 
 Registers used:
		wreg, status,2, status,0, pclath, cstack
 Tracked objects:
		On entry : 
		On exit  : 
		Unchanged: 
 Data sizes:     COMMON   BANK0   BANK1   BANK3   BANK2
      Params:         0       0       0       0       0
      Locals:         0       0       0       0       0
      Temps:          2       0       0       0       0
      Totals:         2       0       0       0       0
Total ram usage:        2 bytes
 Hardware stack levels used:    1
 Hardware stack levels required when called:    2
 This function calls:
		_Lcd_Cmd
		_Lcd_Port
 This function is called by:
		_main
 This function uses a non-reentrant model


 *************** function _Lcd_Cmd *****************
 Defined at:
		line 38 in file "lcd.c"
 Parameters:    Size  Location     Type
  a               1    wreg     unsigned char 
 Auto vars:     Size  Location     Type
  a               1    3[COMMON] unsigned char 
 Return value:  Size  Location     Type
                  1    wreg      void 
 Registers used:
		wreg, status,2, status,0, pclath, cstack
 Tracked objects:
		On entry : 
		On exit  : 
		Unchanged: 
 Data sizes:     COMMON   BANK0   BANK1   BANK3   BANK2
      Params:         0       0       0       0       0
      Locals:         1       0       0       0       0
      Temps:          2       0       0       0       0
      Totals:         3       0       0       0       0
Total ram usage:        3 bytes
 Hardware stack levels used:    1
 Hardware stack levels required when called:    1
 This function calls:
		_Lcd_Port
 This function is called by:
		_Lcd_Clear
		_Lcd_Set_Cursor
		_Lcd_Init
		_Lcd_Shift_Right
		_Lcd_Shift_Left
 This function uses a non-reentrant model


 *************** function _Lcd_Port *****************
 Defined at:
		line 16 in file "lcd.c"
 Parameters:    Size  Location     Type
  a               1    wreg     unsigned char 
 Auto vars:     Size  Location     Type
  a               1    0[COMMON] unsigned char 
 Return value:  Size  Location     Type
                  1    wreg      void 
 Registers used:
		wreg
 Tracked objects:
		On entry : 
		On exit  : 
		Unchanged: 
 Data sizes:     COMMON   BANK0   BANK1   BANK3   BANK2
      Params:         0       0       0       0       0
      Locals:         1       0       0       0       0
      Temps:          0       0       0       0       0
      Totals:         1       0       0       0       0
Total ram usage:        1 bytes
 Hardware stack levels used:    1
 This function calls:
		Nothing
 This function is called by:
		_Lcd_Cmd
		_Lcd_Init
		_Lcd_Write_Char
 This function uses a non-reentrant model


 *************** function _InitApp *****************
 Defined at:
		line 22 in file "user.c"
 Parameters:    Size  Location     Type
		None
 Auto vars:     Size  Location     Type
		None
 Return value:  Size  Location     Type
                  1    wreg      void 
 Registers used:
		wreg, status,2
 Tracked objects:
		On entry : 
		On exit  : 
		Unchanged: 
 Data sizes:     COMMON   BANK0   BANK1   BANK3   BANK2
      Params:         0       0       0       0       0
      Locals:         0       0       0       0       0
      Temps:          0       0       0       0       0
      Totals:         0       0       0       0       0
Total ram usage:        0 bytes
 Hardware stack levels used:    1
 This function calls:
		Nothing
 This function is called by:
		_main
 This function uses a non-reentrant model



MODULE INFORMATION

Module		Function		Class		Link	Load	Size
D:\MPLAB\sources\common\fttol.c
		___fttol       		CODE           	00E5	0000	143

D:\MPLAB\sources\common\fttol.c estimated size: 143

D:\MPLAB\sources\common\doprnt.c
		_sprintf       		CODE           	05E9	0000	519

D:\MPLAB\sources\common\doprnt.c estimated size: 519

D:\MPLAB\sources\common\ftadd.c
		___ftadd       		CODE           	03D2	0000	263

D:\MPLAB\sources\common\ftadd.c estimated size: 263

D:\MPLAB\sources\common\lwtoft.c
		___lwtoft      		CODE           	0971	0000	22

D:\MPLAB\sources\common\lwtoft.c estimated size: 22

D:\MPLAB\sources\common\lltoft.c
		___lltoft      		CODE           	0A76	0000	43

D:\MPLAB\sources\common\lltoft.c estimated size: 43

D:\MPLAB\sources\common\ftneg.c
		___ftneg       		CODE           	0956	0000	9

D:\MPLAB\sources\common\ftneg.c estimated size: 9

D:\MPLAB\sources\common\ftsub.c
		___ftsub       		CODE           	09EC	0000	33

D:\MPLAB\sources\common\ftsub.c estimated size: 33

D:\MPLAB\sources\common\float.c
		___ftpack      		CODE           	0F94	0000	109

D:\MPLAB\sources\common\float.c estimated size: 109

D:\MPLAB\sources\common\Umul16.c
		___wmul        		CODE           	0A0C	0000	34

D:\MPLAB\sources\common\Umul16.c estimated size: 34

D:\MPLAB\sources\common\lwmod.c
		___lwmod       		CODE           	0ACC	0000	51

D:\MPLAB\sources\common\lwmod.c estimated size: 51

D:\MPLAB\sources\common\llmod.c
		___llmod       		CODE           	0CBF	0000	79

D:\MPLAB\sources\common\llmod.c estimated size: 79

D:\MPLAB\sources\common\itoa.c
		_itoa          		CODE           	0A51	0000	38
		_utoa          		CODE           	0EC3	0000	103

D:\MPLAB\sources\common\itoa.c estimated size: 141

shared
		__stringtab    		STRING         	0002	0000	17
		_dpowers       		STRING         	0012	0000	41
		__initialization		CODE           	07EF	0000	15

shared estimated size: 73

D:\MPLAB\sources\common\ftmul.c
		___ftmul       		CODE           	021E	0000	211

D:\MPLAB\sources\common\ftmul.c estimated size: 211

D:\MPLAB\sources\common\ftoa.c
		_ftoa          		CODE           	0173	0000	172

D:\MPLAB\sources\common\ftoa.c estimated size: 172

lcd.c
		_Lcd_Write_String		CODE           	0B31	0000	56
		_Lcd_Init      		CODE           	0C2B	0000	71
		_Lcd_Write_Char		CODE           	0AFE	0000	52
		_Lcd_Cmd       		CODE           	099D	0000	25
		_Lcd_Set_Cursor		CODE           	0BE7	0000	69
		_Lcd_Clear     		CODE           	094E	0000	9
		_Lcd_Port      		CODE           	09B5	0000	27

lcd.c estimated size: 309

user.c
		_InitApp       		CODE           	0966	0000	12

user.c estimated size: 12

D:\MPLAB\sources\common\lwdiv.c
		___lwdiv       		CODE           	0B68	0000	61

D:\MPLAB\sources\common\lwdiv.c estimated size: 61

dht11.c
		_DHT11_init    		CODE           	0986	0000	24
		_DHT11_CheckResponse		CODE           	0BA4	0000	68
		_DHT11_ReadData		CODE           	02F0	0000	227

dht11.c estimated size: 319

main.c
		_voltage_read  		CODE           	0D0D	0000	81
		_light_level_check		CODE           	0D5D	0000	86
		_mode_voltage_read		CODE           	0DB2	0000	87
		_main          		CODE           	0F29	0000	108
		_mode_dht11_read		CODE           	04D8	0000	274
		_mode_welcome  		CODE           	09CF	0000	30
		_mode_light_level_check		CODE           	0C71	0000	79
		_analog_read   		CODE           	0AA0	0000	45
		_button_scan   		CODE           	0A2D	0000	37

main.c estimated size: 827

D:\MPLAB\sources\common\lldiv.c
		___lldiv       		CODE           	0E65	0000	95

D:\MPLAB\sources\common\lldiv.c estimated size: 95

D:\MPLAB\sources\common\isdigit.c
		_isdigit       		CODE           	00D7	0000	15

D:\MPLAB\sources\common\isdigit.c estimated size: 15

D:\MPLAB\sources\common\ftge.c
		___ftge        		CODE           	0E08	0000	94

D:\MPLAB\sources\common\ftge.c estimated size: 94

